csmith.c
csmith2.c
enums.c
fp.c
objv.c
paramarray.c
sizeof.c
sizeof2.c
sqlite.c
sqlite2.c
