cpl_convert.c
csmith.c
csmith2.c
enums.c
fp.c
func.c
objv.c
paramarray.c
paramarray2.c
sizeof.c
sizeof2.c
sqlite.c
sqlite2.c
tk.c
