almabench.c
binarytrees.c
bisect.c
chomp.c
fannkuch.c
fft.c
fftsp.c
fftw.c
fib.c
integr.c
knucleotide.c
lists.c
mandelbrot.c
nbody.c
nsieve.c
nsievebits.c
perlin.c
qsort.c
sha1.c
sha3.c
siphash24.c
spectral.c
vmach.c
