20000320-1.c
20001122-1.c
20010114-2.c
20010226-1.c
20011123-1.c
20030331-1.c
20041213-1.c
920518-1.c
920810-1.c
930529-1.c
980619-1.c
acc1.c
acc2.c
builtin-nan-1.c
compare-fp-2.c
fp-cmp-1.c
fp-cmp-2.c
fp-cmp-3.c
fp-cmp-4e.c
fp-cmp-6.c
fp-cmp-8e.c
hugeval.c
inf-2.c
minuszero.c
mul-subnormal-single-1.c
mzero2.c
mzero3.c
mzero5.c
mzero6.c
pr28634.c
pr29302-1.c
pr30704.c
pr67218.c
pr72824.c
pr84235.c
rbug.c
unsafe-fp-assoc-1.c
unsafe-fp-assoc.c
