0001-sanity.c
0002-global1.c
0003-locals1.c
0004-operators1.c
0004-operators2.c
0004-operators3.c
0004-operators4.c
0004-operators5.c
0005-if1.c
0006-while1.c
0007-dowhile1.c
0008-for1.c
0009-breakcont1.c
0010-goto1.c
0012-pointers1.c
0012-pointers2.c
0013-struct1.c
0013-struct2.c
0013-struct3.c
0013-struct4.c
0013-struct5.c
0013-struct6.c
0014-array1.c
0015-calls01.c
0015-calls02.c
0015-calls03.c
0015-calls04.c
0015-calls05.c
0015-calls06.c
0015-calls07.c
0015-calls08.c
0015-calls09.c
0015-calls10.c
0015-calls11.c
0015-calls12.c
0015-calls13.c
0016-string1.c
0017-incdec1.c
0018-funcptr1.c
0019-condexpr1.c
0020-comma1.c
0020-comma2.c
0021-tentativedefs1.c
0022-namespaces1.c
0023-incomplete1.c
0024-enums1.c
0026-sizeof1.c
0027-structcopy.c
0028-inits01.c
0028-inits02.c
0028-inits03.c
0028-inits04.c
0028-inits05.c
0028-inits07.c
0028-inits08.c
0028-inits09.c
0028-inits14.c
0029-ptrarith1.c
0029-ptrarith2.c
