array.c
binary-trees.c
funnkuch-reduce.c
hash.c
hash2.c
heapsort.c
lists.c
mandelbrot.c
matrix.c
nbody.c
sieve.c
spectral-norm.c
strcat.c
